// Jest Snapshot v1, https://goo.gl/fbAQLP

exports[`ConfigureCoursesItem Renders correctly 1`] = `
<div
  className="list-group-item"
  disabled={false}
  id="course-XY123"
  onClick={[Function]}
>
  <div
    className="d-flex w-100 pt-3 justify-content-between no-gutters"
  >
    <div
      className="col-sm-6"
    >
      <h6
        id="nameOfcourse_XY123"
      >
        Software engineering 2
      </h6>
    </div>
    <div
      className="col-sm-6"
    >
      <h6
        id="teacherOfcourse_654321-XY123"
      >
        Mario Rossi
      </h6>
    </div>
  </div>
</div>
`;
