// Jest Snapshot v1, https://goo.gl/fbAQLP

exports[`ConfigureClassroomsItem Renders correctly 1`] = `
<div
  className="list-group-item"
  disabled={false}
  id="class-1"
  onClick={[Function]}
>
  <div
    className="d-flex w-100 pt-3 justify-content-between no-gutters"
  >
    <div
      className="col-sm-6"
    >
      <h6
        id="nameOfClass_1"
      >
        A1
      </h6>
    </div>
    <div
      className="col-sm-6"
    >
      <h6
        id="seatsOfClass_1"
      >
        70
      </h6>
    </div>
  </div>
</div>
`;
