// Jest Snapshot v1, https://goo.gl/fbAQLP

exports[`GenerateContactTracingPage Renders correctly 1`] = `
<div
  style={
    Object {
      "padding": "15px",
    }
  }
/>
`;
